[    0.000000] Linux version 4.15.0-54-generic (buildd@lgw01-amd64-014) (gcc version 7.4.0 (Ubuntu 7.4.0-1ubuntu1~18.04.1)) #58-Ubuntu SMP Mon Jun 24 10:55:24 UTC 2019 (Ubuntu 4.15.0-54.58-generic 4.15.18)
[    0.000000] Command line: BOOT_IMAGE=/boot/vmlinuz-4.15.0-54-generic root=LABEL=cloudimg-rootfs ro console=tty1 console=ttyS0
[    0.000000] KERNEL supported cpus:
[    0.000000]   Intel GenuineIntel
[    0.000000]   AMD AuthenticAMD
[    0.000000]   Centaur CentaurHauls
[    0.000000] x86/fpu: Supporting XSAVE feature 0x001: 'x87 floating point registers'
[    0.000000] x86/fpu: Supporting XSAVE feature 0x002: 'SSE registers'
[    0.000000] x86/fpu: Supporting XSAVE feature 0x004: 'AVX registers'
[    0.000000] x86/fpu: xstate_offset[2]:  576, xstate_sizes[2]:  256
[    0.000000] x86/fpu: Enabled xstate features 0x7, context size is 832 bytes, using 'standard' format.
[    0.000000] e820: BIOS-provided physical RAM map:
[    0.000000] BIOS-e820: [mem 0x0000000000000000-0x000000000009fbff] usable
[    0.000000] BIOS-e820: [mem 0x000000000009fc00-0x000000000009ffff] reserved
[    0.000000] BIOS-e820: [mem 0x00000000000f0000-0x00000000000fffff] reserved
[    0.000000] BIOS-e820: [mem 0x0000000000100000-0x000000007ffeffff] usable
[    0.000000] BIOS-e820: [mem 0x000000007fff0000-0x000000007fffffff] ACPI data
[    0.000000] BIOS-e820: [mem 0x00000000fec00000-0x00000000fec00fff] reserved
[    0.000000] BIOS-e820: [mem 0x00000000fee00000-0x00000000fee00fff] reserved
[    0.000000] BIOS-e820: [mem 0x00000000fffc0000-0x00000000ffffffff] reserved
[    0.000000] NX (Execute Disable) protection: active
[    0.000000] SMBIOS 2.5 present.
[    0.000000] DMI: innotek GmbH VirtualBox/VirtualBox, BIOS VirtualBox 12/01/2006
[    0.000000] Hypervisor detected: KVM
[    0.000000] e820: last_pfn = 0x7fff0 max_arch_pfn = 0x400000000
[    0.000000] MTRR: Disabled
[    0.000000] x86/PAT: MTRRs disabled, skipping PAT initialization too.
[    0.000000] CPU MTRRs all blank - virtualized system.
[    0.000000] x86/PAT: Configuration [0-7]: WB  WT  UC- UC  WB  WT  UC- UC  
[    0.000000] found SMP MP-table at [mem 0x0009fff0-0x0009ffff] mapped at [        (ptrval)]
[    0.000000] Scanning 1 areas for low memory corruption
[    0.000000] RAMDISK: [mem 0x35a93000-0x36d40fff]
[    0.000000] ACPI: Early table checksum verification disabled
[    0.000000] ACPI: RSDP 0x00000000000E0000 000024 (v02 VBOX  )
[    0.000000] ACPI: XSDT 0x000000007FFF0030 00003C (v01 VBOX   VBOXXSDT 00000001 ASL  00000061)
[    0.000000] ACPI: FACP 0x000000007FFF00F0 0000F4 (v04 VBOX   VBOXFACP 00000001 ASL  00000061)
[    0.000000] ACPI: DSDT 0x000000007FFF0470 0022EA (v02 VBOX   VBOXBIOS 00000002 INTL 20180105)
[    0.000000] ACPI: FACS 0x000000007FFF0200 000040
[    0.000000] ACPI: FACS 0x000000007FFF0200 000040
[    0.000000] ACPI: APIC 0x000000007FFF0240 00005C (v02 VBOX   VBOXAPIC 00000001 ASL  00000061)
[    0.000000] ACPI: SSDT 0x000000007FFF02A0 0001CC (v01 VBOX   VBOXCPUT 00000002 INTL 20180105)
[    0.000000] No NUMA configuration found
[    0.000000] Faking a node at [mem 0x0000000000000000-0x000000007ffeffff]
[    0.000000] NODE_DATA(0) allocated [mem 0x7ffc5000-0x7ffeffff]
[    0.000000] kvm-clock: cpu 0, msr 0:7ff44001, primary cpu clock
[    0.000000] kvm-clock: Using msrs 4b564d01 and 4b564d00
[    0.000000] kvm-clock: using sched offset of 3363405388 cycles
[    0.000000] clocksource: kvm-clock: mask: 0xffffffffffffffff max_cycles: 0x1cd42e4dffb, max_idle_ns: 881590591483 ns
[    0.000000] Zone ranges:
[    0.000000]   DMA      [mem 0x0000000000001000-0x0000000000ffffff]
[    0.000000]   DMA32    [mem 0x0000000001000000-0x000000007ffeffff]
[    0.000000]   Normal   empty
[    0.000000]   Device   empty
[    0.000000] Movable zone start for each node
[    0.000000] Early memory node ranges
[    0.000000]   node   0: [mem 0x0000000000001000-0x000000000009efff]
[    0.000000]   node   0: [mem 0x0000000000100000-0x000000007ffeffff]
[    0.000000] Reserved but unavailable: 114 pages
[    0.000000] Initmem setup node 0 [mem 0x0000000000001000-0x000000007ffeffff]
[    0.000000] ACPI: PM-Timer IO Port: 0x4008
[    0.000000] IOAPIC[0]: apic_id 2, version 32, address 0xfec00000, GSI 0-23
[    0.000000] ACPI: INT_SRC_OVR (bus 0 bus_irq 0 global_irq 2 dfl dfl)
[    0.000000] ACPI: INT_SRC_OVR (bus 0 bus_irq 9 global_irq 9 low level)
[    0.000000] Using ACPI (MADT) for SMP configuration information
[    0.000000] smpboot: Allowing 2 CPUs, 0 hotplug CPUs
[    0.000000] PM: Registered nosave memory: [mem 0x00000000-0x00000fff]
[    0.000000] PM: Registered nosave memory: [mem 0x0009f000-0x0009ffff]
[    0.000000] PM: Registered nosave memory: [mem 0x000a0000-0x000effff]
[    0.000000] PM: Registered nosave memory: [mem 0x000f0000-0x000fffff]
[    0.000000] e820: [mem 0x80000000-0xfebfffff] available for PCI devices
[    0.000000] Booting paravirtualized kernel on KVM
[    0.000000] clocksource: refined-jiffies: mask: 0xffffffff max_cycles: 0xffffffff, max_idle_ns: 7645519600211568 ns
[    0.000000] random: get_random_bytes called from start_kernel+0x99/0x4fd with crng_init=0
[    0.000000] setup_percpu: NR_CPUS:8192 nr_cpumask_bits:2 nr_cpu_ids:2 nr_node_ids:1
[    0.000000] percpu: Embedded 46 pages/cpu @        (ptrval) s151552 r8192 d28672 u1048576
[    0.000000] PV qspinlock hash table entries: 256 (order: 0, 4096 bytes)
[    0.000000] Built 1 zonelists, mobility grouping on.  Total pages: 515961
[    0.000000] Policy zone: DMA32
[    0.000000] Kernel command line: BOOT_IMAGE=/boot/vmlinuz-4.15.0-54-generic root=LABEL=cloudimg-rootfs ro console=tty1 console=ttyS0
[    0.000000] Memory: 2015648K/2096696K available (12300K kernel code, 2473K rwdata, 4272K rodata, 2408K init, 2416K bss, 81048K reserved, 0K cma-reserved)
[    0.000000] SLUB: HWalign=64, Order=0-3, MinObjects=0, CPUs=2, Nodes=1
[    0.000000] Kernel/User page tables isolation: enabled
[    0.000000] ftrace: allocating 39216 entries in 154 pages
[    0.004000] Hierarchical RCU implementation.
[    0.004000] 	RCU restricting CPUs from NR_CPUS=8192 to nr_cpu_ids=2.
[    0.004000] 	Tasks RCU enabled.
[    0.004000] RCU: Adjusting geometry for rcu_fanout_leaf=16, nr_cpu_ids=2
[    0.004000] NR_IRQS: 524544, nr_irqs: 440, preallocated irqs: 16
[    0.004000] Console: colour VGA+ 80x25
[    0.004000] console [tty1] enabled
[    0.004000] console [ttyS0] enabled
[    0.004000] ACPI: Core revision 20170831
[    0.004000] ACPI: 2 ACPI AML tables successfully acquired and loaded
[    0.004000] APIC: Switch to symmetric I/O mode setup
[    0.004000] x2apic enabled
[    0.004000] Switched APIC routing to physical x2apic.
[    0.004000] ..TIMER: vector=0x30 apic1=0 pin1=2 apic2=-1 pin2=-1
[    0.004007] tsc: Detected 2593.992 MHz processor
[    0.004868] Calibrating delay loop (skipped) preset value.. 5187.98 BogoMIPS (lpj=10375968)
[    0.005584] pid_max: default: 32768 minimum: 301
[    0.008037] Security Framework initialized
[    0.008849] Yama: becoming mindful.
[    0.009740] AppArmor: AppArmor initialized
[    0.011353] Dentry cache hash table entries: 262144 (order: 9, 2097152 bytes)
[    0.012626] Inode-cache hash table entries: 131072 (order: 8, 1048576 bytes)
[    0.013932] Mount-cache hash table entries: 4096 (order: 3, 32768 bytes)
[    0.016012] Mountpoint-cache hash table entries: 4096 (order: 3, 32768 bytes)
[    0.018103] mce: CPU supports 0 MCE banks
[    0.018747] Last level iTLB entries: 4KB 1024, 2MB 1024, 4MB 1024
[    0.020004] Last level dTLB entries: 4KB 1024, 2MB 1024, 4MB 1024, 1GB 4
[    0.021045] Spectre V2 : Mitigation: Full generic retpoline
[    0.021878] Spectre V2 : Spectre v2 / SpectreRSB mitigation: Filling RSB on context switch
[    0.023176] Speculative Store Bypass: Vulnerable
[    0.024074] MDS: Vulnerable: Clear CPU buffers attempted, no microcode
[    0.025437] Freeing SMP alternatives memory: 36K
[    0.032000] smpboot: CPU0: Intel(R) Core(TM) i7-4510U CPU @ 2.00GHz (family: 0x6, model: 0x45, stepping: 0x1)
[    0.032000] Performance Events: unsupported p6 CPU model 69 no PMU driver, software events only.
[    0.032000] Hierarchical SRCU implementation.
[    0.032633] NMI watchdog: Perf event create on CPU 0 failed with -2
[    0.033740] NMI watchdog: Perf NMI watchdog permanently disabled
[    0.034848] smp: Bringing up secondary CPUs ...
[    0.036078] x86: Booting SMP configuration:
[    0.036906] .... node  #0, CPUs:      #1
[    0.004000] kvm-clock: cpu 1, msr 0:7ff44041, secondary cpu clock
[    0.004000] mce: CPU supports 0 MCE banks
[    0.040037] smp: Brought up 1 node, 2 CPUs
[    0.040936] smpboot: Max logical packages: 1
[    0.041670] smpboot: Total of 2 processors activated (10375.96 BogoMIPS)
[    0.044178] devtmpfs: initialized
[    0.044695] x86/mm: Memory block size: 128MB
[    0.045784] evm: security.selinux
[    0.046492] evm: security.SMACK64
[    0.047172] evm: security.SMACK64EXEC
[    0.048003] evm: security.SMACK64TRANSMUTE
[    0.048810] evm: security.SMACK64MMAP
[    0.049505] evm: security.apparmor
[    0.050170] evm: security.ima
[    0.050729] evm: security.capability
[    0.051402] clocksource: jiffies: mask: 0xffffffff max_cycles: 0xffffffff, max_idle_ns: 7645041785100000 ns
[    0.052009] futex hash table entries: 512 (order: 3, 32768 bytes)
[    0.053147] pinctrl core: initialized pinctrl subsystem
[    0.054160] RTC time: 19:09:58, date: 08/05/19
[    0.056177] NET: Registered protocol family 16
[    0.057075] audit: initializing netlink subsys (disabled)
[    0.058068] audit: type=2000 audit(1565032203.593:1): state=initialized audit_enabled=0 res=1
[    0.060021] cpuidle: using governor ladder
[    0.060798] cpuidle: using governor menu
[    0.061980] ACPI: bus type PCI registered
[    0.062791] acpiphp: ACPI Hot Plug PCI Controller Driver version: 0.5
[    0.064063] PCI: Using configuration type 1 for base access
[    0.065151] HugeTLB registered 2.00 MiB page size, pre-allocated 0 pages
[    0.068103] ACPI: Added _OSI(Module Device)
[    0.068932] ACPI: Added _OSI(Processor Device)
[    0.069798] ACPI: Added _OSI(3.0 _SCP Extensions)
[    0.070709] ACPI: Added _OSI(Processor Aggregator Device)
[    0.072004] ACPI: Added _OSI(Linux-Dell-Video)
[    0.072850] ACPI: Added _OSI(Linux-Lenovo-NV-HDMI-Audio)
[    0.073870] ACPI: Added _OSI(Linux-HPI-Hybrid-Graphics)
[    0.075061] ACPI: Executed 1 blocks of module-level executable AML code
[    0.079507] ACPI: Interpreter enabled
[    0.080013] ACPI: (supports S0 S5)
[    0.080672] ACPI: Using IOAPIC for interrupt routing
[    0.081763] PCI: Using host bridge windows from ACPI; if necessary, use "pci=nocrs" and report a bug
[    0.084072] ACPI: Enabled 2 GPEs in block 00 to 07
[    0.090625] ACPI: PCI Root Bridge [PCI0] (domain 0000 [bus 00-ff])
[    0.091731] acpi PNP0A03:00: _OSC: OS supports [ASPM ClockPM Segments MSI]
[    0.092517] acpi PNP0A03:00: _OSC: not requesting OS control; OS requires [ExtendedConfig ASPM ClockPM MSI]
[    0.094347] acpi PNP0A03:00: fail to add MMCONFIG information, can't access extended PCI configuration space under this bridge.
[    0.096328] PCI host bridge to bus 0000:00
[    0.097090] pci_bus 0000:00: root bus resource [io  0x0000-0x0cf7 window]
[    0.098232] pci_bus 0000:00: root bus resource [io  0x0d00-0xffff window]
[    0.100004] pci_bus 0000:00: root bus resource [mem 0x000a0000-0x000bffff window]
[    0.101277] pci_bus 0000:00: root bus resource [mem 0x80000000-0xfdffffff window]
[    0.102533] pci_bus 0000:00: root bus resource [bus 00-ff]
[    0.105761] pci 0000:00:01.1: legacy IDE quirk: reg 0x10: [io  0x01f0-0x01f7]
[    0.106854] pci 0000:00:01.1: legacy IDE quirk: reg 0x14: [io  0x03f6]
[    0.108007] pci 0000:00:01.1: legacy IDE quirk: reg 0x18: [io  0x0170-0x0177]
[    0.109839] pci 0000:00:01.1: legacy IDE quirk: reg 0x1c: [io  0x0376]
[    0.138842] pci 0000:00:07.0: quirk: [io  0x4000-0x403f] claimed by PIIX4 ACPI
[    0.140014] pci 0000:00:07.0: quirk: [io  0x4100-0x410f] claimed by PIIX4 SMB
[    0.161713] ACPI: PCI Interrupt Link [LNKA] (IRQs 5 9 10 *11)
[    0.163051] ACPI: PCI Interrupt Link [LNKB] (IRQs 5 9 *10 11)
[    0.164116] ACPI: PCI Interrupt Link [LNKC] (IRQs 5 *9 10 11)
[    0.165147] ACPI: PCI Interrupt Link [LNKD] (IRQs 5 9 10 *11)
[    0.166484] SCSI subsystem initialized
[    0.167207] pci 0000:00:02.0: vgaarb: setting as boot VGA device
[    0.167207] pci 0000:00:02.0: vgaarb: VGA device added: decodes=io+mem,owns=io+mem,locks=none
[    0.168014] pci 0000:00:02.0: vgaarb: bridge control possible
[    0.169096] vgaarb: loaded
[    0.169622] ACPI: bus type USB registered
[    0.172034] usbcore: registered new interface driver usbfs
[    0.172907] usbcore: registered new interface driver hub
[    0.173854] usbcore: registered new device driver usb
[    0.174805] EDAC MC: Ver: 3.0.0
[    0.176036] PCI: Using ACPI for IRQ routing
[    0.177059] NetLabel: Initializing
[    0.177767] NetLabel:  domain hash size = 128
[    0.178558] NetLabel:  protocols = UNLABELED CIPSOv4 CALIPSO
[    0.179570] NetLabel:  unlabeled traffic allowed by default
[    0.180080] clocksource: Switched to clocksource kvm-clock
[    0.191392] VFS: Disk quotas dquot_6.6.0
[    0.192271] VFS: Dquot-cache hash table entries: 512 (order 0, 4096 bytes)
[    0.193671] AppArmor: AppArmor Filesystem Enabled
[    0.194636] pnp: PnP ACPI init
[    0.196224] pnp: PnP ACPI: found 3 devices
[    0.205645] clocksource: acpi_pm: mask: 0xffffff max_cycles: 0xffffff, max_idle_ns: 2085701024 ns
[    0.207394] NET: Registered protocol family 2
[    0.208570] TCP established hash table entries: 16384 (order: 5, 131072 bytes)
[    0.209994] TCP bind hash table entries: 16384 (order: 6, 262144 bytes)
[    0.211738] TCP: Hash tables configured (established 16384 bind 16384)
[    0.213078] UDP hash table entries: 1024 (order: 3, 32768 bytes)
[    0.214194] UDP-Lite hash table entries: 1024 (order: 3, 32768 bytes)
[    0.215468] NET: Registered protocol family 1
[    0.216369] pci 0000:00:00.0: Limiting direct PCI/PCI transfers
[    0.217494] pci 0000:00:01.0: Activating ISA DMA hang workarounds
[    0.218586] pci 0000:00:02.0: Video device with shadowed ROM at [mem 0x000c0000-0x000dffff]
[    0.220159] Unpacking initramfs...
[    0.481199] Freeing initrd memory: 19128K
[    0.482160] clocksource: tsc: mask: 0xffffffffffffffff max_cycles: 0x25641074d3b, max_idle_ns: 440795244898 ns
[    0.483981] platform rtc_cmos: registered platform RTC device (no PNP device found)
[    0.485539] Scanning for low memory corruption every 60 seconds
[    0.487310] Initialise system trusted keyrings
[    0.488252] Key type blacklist registered
[    0.489070] workingset: timestamp_bits=36 max_order=19 bucket_order=0
[    0.491053] zbud: loaded
[    0.492176] squashfs: version 4.0 (2009/01/31) Phillip Lougher
[    0.493555] fuse init (API version 7.26)
[    0.496399] Key type asymmetric registered
[    0.497211] Asymmetric key parser 'x509' registered
[    0.498190] Block layer SCSI generic (bsg) driver version 0.4 loaded (major 246)
[    0.499698] io scheduler noop registered
[    0.500534] io scheduler deadline registered
[    0.501401] io scheduler cfq registered (default)
[    0.502544] ACPI: AC Adapter [AC] (on-line)
[    0.503344] input: Power Button as /devices/LNXSYSTM:00/LNXPWRBN:00/input/input0
[    0.504624] ACPI: Power Button [PWRF]
[    0.505374] input: Sleep Button as /devices/LNXSYSTM:00/LNXSLPBN:00/input/input1
[    0.506609] ACPI: Sleep Button [SLPF]
[    0.508657] Serial: 8250/16550 driver, 32 ports, IRQ sharing enabled
[    0.508799] ACPI: Battery Slot [BAT0] (battery present)
 	
 !"#$%&'()*+,-./0123456789:;<=>?@ABCDEFGHIJKLMNOPQRSTUVWXYZ[\]^_`abcdefghijklmnopqrstuvwxyz{|}~€‚ƒ„…†‡ˆ‰Š‹ŒŽ‘’“”•–—˜™š›œžŸ ¡¢£¤¥¦§¨©ª«¬­®¯°±²³´µ¶·¸¹º»¼½¾¿ÀÁÂÃÄÅÆÇÈÉÊËÌÍÎÏÐÑÒÓÔÕÖ×ØÙÚÛÜÝÞßàáâãäåæçèéêëìíîïðñòóôõö÷øùúûüýþÿ[    0.533706] 00:02: ttyS0 at I/O 0x3f8 (irq = 4, base_baud = 115200) is a 16550A
[    0.536510] Linux agpgart interface v0.103
[    0.538377] loop: module loaded
[    0.539568] scsi host0: ata_piix
[    0.540528] scsi host1: ata_piix
[    0.541165] ata1: PATA max UDMA/33 cmd 0x1f0 ctl 0x3f6 bmdma 0xd000 irq 14
[    0.542346] ata2: PATA max UDMA/33 cmd 0x170 ctl 0x376 bmdma 0xd008 irq 15
[    0.543657] libphy: Fixed MDIO Bus: probed
[    0.544582] tun: Universal TUN/TAP device driver, 1.6
[    0.545572] PPP generic driver version 2.4.2
[    0.546365] ehci_hcd: USB 2.0 'Enhanced' Host Controller (EHCI) Driver
[    0.547516] ehci-pci: EHCI PCI platform driver
[    0.548413] ehci-platform: EHCI generic platform driver
[    0.549337] ohci_hcd: USB 1.1 'Open' Host Controller (OHCI) Driver
[    0.550402] ohci-pci: OHCI PCI platform driver
[    0.551202] ohci-platform: OHCI generic platform driver
[    0.552186] uhci_hcd: USB Universal Host Controller Interface driver
[    0.553354] i8042: PNP: PS/2 Controller [PNP0303:PS2K,PNP0f03:PS2M] at 0x60,0x64 irq 1,12
[    0.555277] serio: i8042 KBD port at 0x60,0x64 irq 1
[    0.556256] serio: i8042 AUX port at 0x60,0x64 irq 12
[    0.557243] mousedev: PS/2 mouse device common for all mice
[    0.558468] input: AT Translated Set 2 keyboard as /devices/platform/i8042/serio0/input/input2
[    0.560350] rtc_cmos rtc_cmos: rtc core: registered rtc_cmos as rtc0
[    0.561490] rtc_cmos rtc_cmos: alarms up to one day, 114 bytes nvram
[    0.562626] i2c /dev entries driver
[    0.563306] device-mapper: uevent: version 1.0.3
[    0.564241] device-mapper: ioctl: 4.37.0-ioctl (2017-09-20) initialised: dm-devel@redhat.com
[    0.565786] ledtrig-cpu: registered to indicate activity on CPUs
[    0.567333] NET: Registered protocol family 10
[    0.571763] Segment Routing with IPv6
[    0.572471] NET: Registered protocol family 17
[    0.573320] Key type dns_resolver registered
[    0.574195] RAS: Correctable Errors collector initialized.
[    0.575177] sched_clock: Marking stable (574124724, 0)->(833841602, -259716878)
[    0.576862] registered taskstats version 1
[    0.577582] Loading compiled-in X.509 certificates
[    0.580542] Loaded X.509 cert 'Build time autogenerated kernel key: 1cc14bc8298a06d551159822c55fa35abd77a621'
[    0.582108] zswap: loaded using pool lzo/zbud
[    0.586250] Key type big_key registered
[    0.586901] Key type trusted registered
[    0.589271] Key type encrypted registered
[    0.590081] AppArmor: AppArmor sha1 policy hashing enabled
[    0.591144] ima: No TPM chip found, activating TPM-bypass! (rc=-19)
[    0.592396] ima: Allocated hash algorithm: sha1
[    0.593301] evm: HMAC attrs: 0x1
[    0.594186]   Magic number: 15:20:192
[    0.594981] rtc_cmos rtc_cmos: setting system clock to 2019-08-05 19:09:59 UTC (1565032199)
[    0.596811] BIOS EDD facility v0.16 2004-Jun-25, 0 devices found
[    0.597896] EDD information not available.
[    0.711913] Freeing unused kernel image memory: 2408K
[    0.724073] Write protecting the kernel read-only data: 20480k
[    0.727333] Freeing unused kernel image memory: 2008K
[    0.729936] Freeing unused kernel image memory: 1872K
[    0.740860] x86/mm: Checked W+X mappings: passed, no W+X pages found.
[    0.741995] x86/mm: Checking user space page tables
[    0.748931] x86/mm: Checked W+X mappings: passed, no W+X pages found.
Loading, please wait...
starting version 237
[    0.846269] Fusion MPT base driver 3.04.20
[    0.847159] Copyright (c) 1999-2008 LSI Corporation
[    0.848956] e1000: Intel(R) PRO/1000 Network Driver - version 7.3.21-k8-NAPI
[    0.850072] e1000: Copyright (c) 1999-2006 Intel Corporation.
[    0.861433] Fusion MPT SPI Host driver 3.04.20
[    0.866122] AVX2 version of gcm_enc/dec engaged.
[    0.867338] AES CTR mode by8 optimization enabled
[    1.055331] input: ImExPS/2 Generic Explorer Mouse as /devices/platform/i8042/serio1/input/input4
[    1.229251] e1000 0000:00:03.0 eth0: (PCI:33MHz:32-bit) 02:8e:15:2e:ea:07
[    1.230340] e1000 0000:00:03.0 eth0: Intel(R) PRO/1000 Network Connection
[    1.232447] mptbase: ioc0: Initiating bringup
[    1.374567] ioc0: LSI53C1030 A0: Capabilities={Initiator}
[    1.738600] scsi host2: ioc0: LSI53C1030 A0, FwRev=00000000h, Ports=1, MaxQ=256, IRQ=20
[    2.436923] scsi 2:0:0:0: Direct-Access     VBOX     HARDDISK         1.0  PQ: 0 ANSI: 5
[    2.474317] scsi target2:0:0: Beginning Domain Validation
[    2.483291] scsi target2:0:0: Domain Validation skipping write tests
[    2.488075] scsi target2:0:0: Ending Domain Validation
[    2.489525] scsi target2:0:0: asynchronous
[    2.490798] scsi 2:0:1:0: Direct-Access     VBOX     HARDDISK         1.0  PQ: 0 ANSI: 5
[    2.776237] scsi target2:0:1: Beginning Domain Validation
[    2.780249] random: fast init done
[    2.781938] scsi target2:0:1: Domain Validation skipping write tests
[    2.784207] scsi target2:0:1: Ending Domain Validation
[    2.785540] scsi target2:0:1: asynchronous
[    2.789649] random: systemd-udevd: uninitialized urandom read (16 bytes read)
[    2.789891] sd 2:0:0:0: [sda] 20971520 512-byte logical blocks: (10.7 GB/10.0 GiB)
[    2.789956] sd 2:0:0:0: [sda] Write Protect is off
[    2.790086] sd 2:0:0:0: [sda] Incomplete mode parameter data
[    2.790088] sd 2:0:0:0: [sda] Assuming drive cache: write through
[    2.794788] random: systemd-udevd: uninitialized urandom read (16 bytes read)
[    2.794882] sd 2:0:0:0: Attached scsi generic sg0 type 0
[    2.796973] random: systemd-udevd: uninitialized urandom read (16 bytes read)
[    2.797005]  sda: sda1
[    2.797405] sd 2:0:1:0: [sdb] 20480 512-byte logical blocks: (10.5 MB/10.0 MiB)
[    2.797463] sd 2:0:1:0: [sdb] Write Protect is off
[    2.797574] sd 2:0:1:0: [sdb] Incomplete mode parameter data
[    2.797576] sd 2:0:1:0: [sdb] Assuming drive cache: write through
[    2.803558] sd 2:0:0:0: [sda] Attached SCSI disk
[    2.805782] sd 2:0:1:0: Attached scsi generic sg1 type 0
[    2.808816] sd 2:0:1:0: [sdb] Attached SCSI disk
[    2.817494] e1000 0000:00:08.0 eth1: (PCI:33MHz:32-bit) 08:00:27:5b:56:cc
[    2.819008] e1000 0000:00:08.0 eth1: Intel(R) PRO/1000 Network Connection
[    2.823681] e1000 0000:00:03.0 enp0s3: renamed from eth0
[    2.841047] e1000 0000:00:08.0 enp0s8: renamed from eth1
Begin: Loading essential drivers ... [    4.325332] raid6: sse2x1   gen() 10694 MB/s
[    4.376143] raid6: sse2x1   xor()  5615 MB/s
[    4.424713] raid6: sse2x2   gen()  8347 MB/s
[    4.472529] raid6: sse2x2   xor()  5586 MB/s
[    4.526170] raid6: sse2x4   gen() 15515 MB/s
[    4.576157] raid6: sse2x4   xor()  9590 MB/s
[    4.626196] raid6: avx2x1   gen() 20635 MB/s
[    4.676167] raid6: avx2x1   xor() 13734 MB/s
[    4.726189] raid6: avx2x2   gen() 23480 MB/s
[    4.776146] raid6: avx2x2   xor() 14578 MB/s
[    4.826183] raid6: avx2x4   gen() 26146 MB/s
[    4.876138] raid6: avx2x4   xor() 18077 MB/s
[    4.876916] raid6: using algorithm avx2x4 gen() 26146 MB/s
[    4.877830] raid6: .... xor() 18077 MB/s, rmw enabled
[    4.878690] raid6: using avx2x2 recovery algorithm
[    4.881086] xor: automatically using best checksumming function   avx       
[    4.883666] async_tx: api initialized (async)
done.
Begin: Running /scripts/init-premount ... done.
Begin: Mounting root file system ... Begin: Running /scripts/local-top ... done.
Begin: Running /scripts/local-premount ... [    4.930257] Btrfs loaded, crc32c=crc32c-intel
Scanning for Btrfs filesystems
done.
Warning: fsck not present, so skipping root file system
[    4.967378] EXT4-fs (sda1): mounted filesystem with ordered data mode. Opts: (null)
done.
Begin: Running /scripts/local-bottom ... done.
Begin: Running /scripts/init-bottom ... done.
[    5.177979] ip_tables: (C) 2000-2006 Netfilter Core Team
[    5.186597] systemd[1]: systemd 237 running in system mode. (+PAM +AUDIT +SELINUX +IMA +APPARMOR +SMACK +SYSVINIT +UTMP +LIBCRYPTSETUP +GCRYPT +GNUTLS +ACL +XZ +LZ4 +SECCOMP +BLKID +ELFUTILS +KMOD -IDN2 +IDN -PCRE2 default-hierarchy=hybrid)
[    5.190316] systemd[1]: Detected virtualization oracle.
[    5.191200] systemd[1]: Detected architecture x86-64.

Welcome to [1mUbuntu 18.04.2 LTS[0m!

[    5.197306] systemd[1]: Set hostname to <ubuntu>.
[    5.200438] systemd[1]: Initializing machine ID from random generator.
[    5.201841] systemd[1]: Installed transient /etc/machine-id file.
[    5.445351] systemd[1]: Created slice User and Session Slice.
[[0;32m  OK  [0m] Created slice User and Session Slice.
[    5.448654] systemd[1]: Reached target User and Group Name Lookups.
[[0;32m  OK  [0m] Reached target User and Group Name Lookups.
[    5.451132] systemd[1]: Created slice System Slice.
[[0;32m  OK  [0m] Created slice System Slice.
[    5.452948] systemd[1]: Listening on Journal Socket (/dev/log).
[[0;32m  OK  [0m] Listening on Journal Socket (/dev/log).
[[0;32m  OK  [0m] Listening on LVM2 poll daemon socket.
[[0;32m  OK  [0m] Reached target Slices.
[[0;32m  OK  [0m] Listening on Journal Audit Socket.
[[0;32m  OK  [0m] Created slice system-serial\x2dgetty.slice.
[[0;32m  OK  [0m] Reached target Swap.
[[0;32m  OK  [0m] Listening on Device-mapper event daemon FIFOs.
[[0;32m  OK  [0m] Reached target System Time Synchronized.
[[0;32m  OK  [0m] Set up automount Arbitrary Executabâ€¦rmats File System Automount Point.
[[0;32m  OK  [0m] Listening on udev Control Socket.
[[0;32m  OK  [0m] Listening on udev Kernel Socket.
[[0;32m  OK  [0m] Started Forward Password Requests to Wall Directory Watch.
[[0;32m  OK  [0m] Listening on LVM2 metadata daemon socket.
[[0;32m  OK  [0m] Listening on Journal Socket.
         Mounting Kernel Debug File System...
         Starting Uncomplicated firewall...
         Mounting Huge Pages File System...
         Starting Load Kernel Modules...
         Starting Set the console keyboard layout...
         Mounting POSIX Message Queue File System...
         Starting Create list of required stâ€¦ce nodes for the current kernel...
[    5.492138] Loading iSCSI transport class v2.0-870.
[[0;32m  OK  [0m] Listening on Network Service Netlink Socket.
         Starting udev Coldplug all Devices...
         Starting Monitoring of LVM2 mirrorsâ€¦ng dmeventd or progress polling...
         Starting Remount Root and Kernel File Systems...
[[0;32m  OK  [0m] Listening on /dev/initctl Compatibility Named Pipe.
[[0;32m  OK  [0m] Listening on Syslog Socket.
[    5.520521] iscsi: registered transport (tcp)
         Starting Journal Service...
[[0;32m  OK  [0m] Mounted Kernel Debug File System.
[[0;32m  OK  [0m] Started Uncomplicated firewall.
[[0;32m  OK  [0m] Mounted Huge Pages File System.
[[0;32m  OK  [0m] Mounted POSIX Message Queue File System.
[[0;32m  OK  [0m] Started Create list of required staâ€¦vice nodes for the current kernel.
         Starting Create Static Device Nodes in /dev...
[[0;32m  OK  [0m] Started LVM2 metadata daemon.
[[0;32m  OK  [0m] Started Create Static Device Nodes in /dev.
[    5.631819] iscsi: registered transport (iser)
[[0;32m  OK  [0m] Started Load Kernel Modules.
         Starting Apply Kernel Variables...
         Mounting FUSE Control File System...
         Mounting Kernel Configuration File System...
[[0;32m  OK  [0m] Mounted Kernel Configuration File System.
[[0;32m  OK  [0m] Mounted FUSE Control File System.
[[0;32m  OK  [0m] Started udev Coldplug all Devices.
[    5.664406] EXT4-fs (sda1): re-mounted. Opts: (null)
[[0;32m  OK  [0m] Started Remount Root and Kernel File Systems.
         Starting udev Kernel Device Manager...
         Starting Load/Save Random Seed...
[[0;32m  OK  [0m] Started Journal Service.
[[0;32m  OK  [0m] Started Monitoring of LVM2 mirrors,â€¦sing dmeventd or progress polling.
         Starting Flush Journal to Persistent Storage...
[[0;32m  OK  [0m] Started Load/Save Random Seed.
[[0;32m  OK  [0m] Started udev Kernel Device Manager.
[[0;32m  OK  [0m] Started Apply Kernel Variables.
[[0;32m  OK  [0m] Started Flush Journal to Persistent Storage.
[[0;32m  OK  [0m] Started Set the console keyboard layout.
[[0;32m  OK  [0m] Started Dispatch Password Requests to Console Directory Watch.
[[0;32m  OK  [0m] Reached target Local Encrypted Volumes.
[[0;32m  OK  [0m] Reached target Local File Systems (Pre).
[[0;32m  OK  [0m] Reached target Local File Systems.
         Starting AppArmor initialization...
         Starting Set console font and keymap...
         Starting Commit a transient machine-id on disk...
         Starting Create Volatile Files and Directories...
         Starting Tell Plymouth To Write Out Runtime Data...
         Starting ebtables ruleset management...
[[0;32m  OK  [0m] Started Set console font and keymap.
[[0;32m  OK  [0m] Started Tell Plymouth To Write Out Runtime Data.
[[0;32m  OK  [0m] Started Create Volatile Files and Directories.
         Starting Update UTMP about System Boot/Shutdown...
[[0;32m  OK  [0m] Started Update UTMP about System Boot/Shutdown.
[[0;32m  OK  [0m] Started Commit a transient machine-id on disk.
[[0;32m  OK  [0m] Started ebtables ruleset management.
[[0;32m  OK  [0m] Found device /dev/ttyS0.
[[0;32m  OK  [0m] Listening on Load/Save RF Kill Switch Status /dev/rfkill Watch.
[[0;32m  OK  [0m] Started AppArmor initialization.
         Starting Initial cloud-init job (pre-networking)...
[    8.314168] cloud-init[543]: Cloud-init v. 19.1-1-gbaa47854-0ubuntu1~18.04.1 running 'init-local' at Mon, 05 Aug 2019 19:10:06 +0000. Up 7.93 seconds.
[[0;32m  OK  [0m] Started Initial cloud-init job (pre-networking).
[[0;32m  OK  [0m] Reached target Network (Pre).
         Starting Network Service...
[[0;32m  OK  [0m] Started Network Service.
         Starting Network Name Resolution...
         Starting Wait for Network to be Configured...
[[0;32m  OK  [0m] Started Network Name Resolution.
[[0;32m  OK  [0m] Reached target Network.
[[0;32m  OK  [0m] Reached target Host and Network Name Lookups.
[[0;32m  OK  [0m] Started Wait for Network to be Configured.
         Starting Initial cloud-init job (metadata service crawler)...
[   10.811772] cloud-init[652]: Cloud-init v. 19.1-1-gbaa47854-0ubuntu1~18.04.1 running 'init' at Mon, 05 Aug 2019 19:10:09 +0000. Up 10.66 seconds.
[   10.814088] cloud-init[652]: ci-info: ++++++++++++++++++++++++++++++++++++++Net device info+++++++++++++++++++++++++++++++++++++++
[   10.816063] cloud-init[652]: ci-info: +--------+-------+----------------------------+---------------+--------+-------------------+
[   10.818022] cloud-init[652]: ci-info: | Device |   Up  |          Address           |      Mask     | Scope  |     Hw-Address    |
[   10.819673] cloud-init[652]: ci-info: +--------+-------+----------------------------+---------------+--------+-------------------+
[   10.821752] cloud-init[652]: ci-info: | enp0s3 |  True |         10.0.2.15          | 255.255.255.0 | global | 02:8e:15:2e:ea:07 |
[   10.823394] cloud-init[652]: ci-info: | enp0s3 |  True | fe80::8e:15ff:fe2e:ea07/64 |       .       |  link  | 02:8e:15:2e:ea:07 |
[   10.826230] cloud-init[652]: ci-info: | enp0s8 | False |             .              |       .       |   .    | 08:00:27:5b:56:cc |
[   10.840427] cloud-init[652]: ci-info: |   lo   |  True |         127.0.0.1          |   255.0.0.0   |  host  |         .         |
[   10.841900] cloud-init[652]: ci-info: |   lo   |  True |          ::1/128           |       .       |  host  |         .         |
[   10.843373] cloud-init[652]: ci-info: +--------+-------+----------------------------+---------------+--------+-------------------+
[   10.844918] cloud-init[652]: ci-info: ++++++++++++++++++++++++++++Route IPv4 info+++++++++++++++++++++++++++++
[   10.846192] cloud-init[652]: ci-info: +-------+-------------+----------+-----------------+-----------+-------+
[   10.847388] cloud-init[652]: ci-info: | Route | Destination | Gateway  |     Genmask     | Interface | Flags |
[   10.848614] cloud-init[652]: ci-info: +-------+-------------+----------+-----------------+-----------+-------+
[   10.850094] cloud-init[652]: ci-info: |   0   |   0.0.0.0   | 10.0.2.2 |     0.0.0.0     |   enp0s3  |   UG  |
[   10.851561] cloud-init[652]: ci-info: |   1   |   10.0.2.0  | 0.0.0.0  |  255.255.255.0  |   enp0s3  |   U   |
[   10.853056] cloud-init[652]: ci-info: |   2   |   10.0.2.2  | 0.0.0.0  | 255.255.255.255 |   enp0s3  |   UH  |
[   10.864261] cloud-init[652]: ci-info: +-------+-------------+----------+-----------------+-----------+-------+
[   10.865643] cloud-init[652]: ci-info: +++++++++++++++++++Route IPv6 info+++++++++++++++++++
[   10.867190] cloud-init[652]: ci-info: +-------+-------------+---------+-----------+-------+
[   10.869464] cloud-init[652]: ci-info: | Route | Destination | Gateway | Interface | Flags |
[   10.870685] cloud-init[652]: ci-info: +-------+-------------+---------+-----------+-------+
[   10.871949] cloud-init[652]: ci-info: |   1   |  fe80::/64  |    ::   |   enp0s3  |   U   |
[   10.873205] cloud-init[652]: ci-info: |   3   |    local    |    ::   |   enp0s3  |   U   |
[   10.874378] cloud-init[652]: ci-info: |   4   |   ff00::/8  |    ::   |   enp0s3  |   U   |
[   10.875712] cloud-init[652]: ci-info: +-------+-------------+---------+-----------+-------+
[   11.539326] cloud-init[652]: Generating public/private rsa key pair.
[   11.540336] cloud-init[652]: Your identification has been saved in /etc/ssh/ssh_host_rsa_key.
[   11.541701] cloud-init[652]: Your public key has been saved in /etc/ssh/ssh_host_rsa_key.pub.
[   11.543070] cloud-init[652]: The key fingerprint is:
[   11.543896] cloud-init[652]: SHA256:lWd6dakK5J5p48Lpx6R9aD6pHvHm9lW2LbzTQzVR16Y root@ubuntu-bionic
[   11.545317] cloud-init[652]: The key's randomart image is:
[   11.546144] cloud-init[652]: +---[RSA 2048]----+
[   11.546886] cloud-init[652]: |                =|
[   11.547568] cloud-init[652]: |           .   .=|
[   11.548324] cloud-init[652]: |         .o o .+o|
[   11.549064] cloud-init[652]: |        o. + .Eo.|
[   11.549778] cloud-init[652]: |       .So. .. oo|
[   11.550610] cloud-init[652]: |        +.+...o.o|
[   11.551331] cloud-init[652]: |      ..*Oo. .+o.|
[   11.552001] cloud-init[652]: |       =*X... .+.|
[   11.552732] cloud-init[652]: |      o+B++.  ...|
[   11.553383] cloud-init[652]: +----[SHA256]-----+
[   11.553909] cloud-init[652]: Generating public/private dsa key pair.
[   11.554605] cloud-init[652]: Your identification has been saved in /etc/ssh/ssh_host_dsa_key.
[   11.555518] cloud-init[652]: Your public key has been saved in /etc/ssh/ssh_host_dsa_key.pub.
[   11.556438] cloud-init[652]: The key fingerprint is:
[   11.557003] cloud-init[652]: SHA256:0EZ/bIA4L7F8+g103VlObGmbcjSUSgUhvqd9TUfZ2Zc root@ubuntu-bionic
[   11.558158] cloud-init[652]: The key's randomart image is:
[   11.558760] cloud-init[652]: +---[DSA 1024]----+
[   11.559301] cloud-init[652]: |       ..... o=+o|
[   11.559843] cloud-init[652]: |      +o...o.. *@|
[   11.560421] cloud-init[652]: |     ..=o .o=.+EO|
[   11.560942] cloud-init[652]: |      +o+ .oooo=o|
[   11.561474] cloud-init[652]: |       =S. . .o o|
[   11.562017] cloud-init[652]: |      . .   +  .o|
[   11.562563] cloud-init[652]: |       . o . . ..|
[   11.563087] cloud-init[652]: |        . .   .  |
[   11.563609] cloud-init[652]: |                 |
[   11.564161] cloud-init[652]: +----[SHA256]-----+
[   11.564684] cloud-init[652]: Generating public/private ecdsa key pair.
[   11.565405] cloud-init[652]: Your identification has been saved in /etc/ssh/ssh_host_ecdsa_key.
[   11.566350] cloud-init[652]: Your public key has been saved in /etc/ssh/ssh_host_ecdsa_key.pub.
[   11.567315] cloud-init[652]: The key fingerprint is:
[   11.567918] cloud-init[652]: SHA256:OFUoqmJyJAQw4AVOVcBQnBI3sm+utevx+LhUmZdoAjY root@ubuntu-bionic
[   11.569269] cloud-init[652]: The key's randomart image is:
[   11.570106] cloud-init[652]: +---[ECDSA 256]---+
[   11.570837] cloud-init[652]: |O*OB+.   ..      |
[   11.571562] cloud-init[652]: |++=+. . ..       |
[   11.572312] cloud-init[652]: |.E.  . ..        |
[   11.586467] cloud-init[652]: |o = . +o.        |
[   11.587232] cloud-init[652]: | o = *ooS        |
[   11.587931] cloud-init[652]: |o.= + ..         |
[   11.588646] cloud-init[652]: |oo =             |
[   11.589255] cloud-init[652]: |  + *            |
[   11.589889] cloud-init[652]: | ..B+o           |
[   11.590606] cloud-init[652]: +----[SHA256]-----+
[   11.591133] cloud-init[652]: Generating public/private ed25519 key pair.
[   11.591917] cloud-init[652]: Your identification has been saved in /etc/ssh/ssh_host_ed25519_key.
[   11.592884] cloud-init[652]: Your public key has been saved in /etc/ssh/ssh_host_ed25519_key.pub.
[   11.593838] cloud-init[652]: The key fingerprint is:
[   11.594410] cloud-init[652]: SHA256:6DoHtRDwM61bJEKw85MZBG1PRmpyxmutOrETIwmiXxY root@ubuntu-bionic
[   11.595368] cloud-init[652]: The key's randomart image is:
[   11.596047] cloud-init[652]: +--[ED25519 256]--+
[   11.596614] cloud-init[652]: |o++o.            |
[   11.597219] cloud-init[652]: | =oo+.           |
[   11.597823] cloud-init[652]: |+.O+=.o          |
[   11.598337] cloud-init[652]: |oB BE*..         |
[   11.599059] cloud-init[652]: |+.B o+o.S        |
[   11.599775] cloud-init[652]: |B. o++.          |
[   11.600566] cloud-init[652]: |.*.o...          |
[   11.601288] cloud-init[652]: |+.. ...          |
[   11.602026] cloud-init[652]: |.o  .o           |
[   11.602740] cloud-init[652]: +----[SHA256]-----+
[[0;32m  OK  [0m] Started Initial cloud-init job (metadata service crawler).
[[0;32m  OK  [0m] Reached target System Initialization.
[[0;32m  OK  [0m] Started Message of the Day.
[[0;32m  OK  [0m] Started Daily apt download activities.
[[0;32m  OK  [0m] Started Daily apt upgrade and clean activities.
[[0;32m  OK  [0m] Listening on ACPID Listen Socket.
         Starting Socket activation for snappy daemon.
[[0;32m  OK  [0m] Started Daily Cleanup of Temporary Directories.
[[0;32m  OK  [0m] Listening on UUID daemon activation socket.
[[0;32m  OK  [0m] Started Discard unused blocks once a week.
[[0;32m  OK  [0m] Reached target Timers.
         Starting LXD - unix socket.
[[0;32m  OK  [0m] Listening on Open-iSCSI iscsid Socket.
[[0;32m  OK  [0m] Started ACPI Events Check.
[[0;32m  OK  [0m] Reached target Paths.
[[0;32m  OK  [0m] Listening on D-Bus System Message Bus Socket.
[[0;32m  OK  [0m] Reached target Cloud-config availability.
[[0;32m  OK  [0m] Reached target Network is Online.
         Starting Availability of block devices...
[[0;32m  OK  [0m] Reached target Remote File Systems (Pre).
[[0;32m  OK  [0m] Reached target Remote File Systems.
[[0;32m  OK  [0m] Listening on Socket activation for snappy daemon.
[[0;32m  OK  [0m] Listening on LXD - unix socket.
[[0;32m  OK  [0m] Reached target Sockets.
[[0;32m  OK  [0m] Reached target Basic System.
         Starting Pollinate to seed the pseudo random number generator...
[[0;32m  OK  [0m] Started D-Bus System Message Bus.
[[0;32m  OK  [0m] Started Deferred execution scheduler.
[[0;32m  OK  [0m] Started irqbalance daemon.
         Starting Dispatcher daemon for systemd-networkd...
         Starting Accounts Service...
         Starting Permit User Sessions...
         Starting LSB: automatic crash report generation...
         Starting Virtualbox guest utils...
         Starting System Logging Service...
         Starting LSB: Record successful boot for GRUB...
         Starting LXD - container startup/shutdown...
         Starting Login Service...
[[0;32m  OK  [0m] Started FUSE filesystem for LXC.
[[0;32m  OK  [0m] Started Regular background program processing daemon.
         Starting Snappy daemon...
[[0;32m  OK  [0m] Started System Logging Service.
[[0;32m  OK  [0m] Started Availability of block devices.
[[0;32m  OK  [0m] Started Permit User Sessions.
         Starting Hold until boot process finishes up...
         Starting Terminate Plymouth Boot Screen...
[[0;32m  OK  [0m] Started Hold until boot process finishes up.
[[0;32m  OK  [0m] Started Serial Getty on ttyS0.
         Starting Set console scheme...
[[0;32m  OK  [0m] Started Terminate Plymouth Boot Screen.
[[0;32m  OK  [0m] Started Login Service.
[[0;32m  OK  [0m] Started Unattended Upgrades Shutdown.
         Starting Authorization Manager...
[[0;32m  OK  [0m] Started Set console scheme.
[[0;32m  OK  [0m] Started LSB: Record successful boot for GRUB.
[[0;32m  OK  [0m] Created slice system-getty.slice.
[[0;32m  OK  [0m] Started Getty on tty1.
[[0;32m  OK  [0m] Reached target Login Prompts.
[[0;32m  OK  [0m] Started LSB: automatic crash report generation.
[[0;32m  OK  [0m] Started Authorization Manager.
[[0;32m  OK  [0m] Started Accounts Service.
[[0;32m  OK  [0m] Started Virtualbox guest utils.
[[0;32m  OK  [0m] Started LXD - container startup/shutdown.
[[0;32m  OK  [0m] Started Dispatcher daemon for systemd-networkd.
[[0;32m  OK  [0m] Started Snappy daemon.
         Starting Wait until snapd is fully seeded...
[[0;32m  OK  [0m] Started Pollinate to seed the pseudo random number generator.
         Starting OpenBSD Secure Shell server...
[[0;32m  OK  [0m] Started OpenBSD Secure Shell server.
[[0;32m  OK  [0m] Created slice User Slice of vagrant.
         Starting User Manager for UID 1000...
[[0;32m  OK  [0m] Started Session 1 of user vagrant.
[[0;32m  OK  [0m] Started User Manager for UID 1000.
[[0;32m  OK  [0m] Started Wait until snapd is fully seeded.
         Starting Apply the settings specified in cloud-config...
[[0;32m  OK  [0m] Reached target Multi-User System.
[[0;32m  OK  [0m] Reached target Graphical Interface.
         Starting Update UTMP about System Runlevel Changes...
[[0;32m  OK  [0m] Started Update UTMP about System Runlevel Changes.
[   15.432180] cloud-init[1191]: Cloud-init v. 19.1-1-gbaa47854-0ubuntu1~18.04.1 running 'modules:config' at Mon, 05 Aug 2019 19:10:13 +0000. Up 14.95 seconds.
[[0;32m  OK  [0m] Started Apply the settings specified in cloud-config.
         Starting Execute cloud user/final scripts...
ci-info: no authorized ssh keys fingerprints found for user ubuntu.
<14>Aug  5 19:10:15 ec2: 
<14>Aug  5 19:10:15 ec2: #############################################################
<14>Aug  5 19:10:15 ec2: -----BEGIN SSH HOST KEY FINGERPRINTS-----
<14>Aug  5 19:10:15 ec2: 1024 SHA256:0EZ/bIA4L7F8+g103VlObGmbcjSUSgUhvqd9TUfZ2Zc root@ubuntu-bionic (DSA)
<14>Aug  5 19:10:15 ec2: 256 SHA256:OFUoqmJyJAQw4AVOVcBQnBI3sm+utevx+LhUmZdoAjY root@ubuntu-bionic (ECDSA)
<14>Aug  5 19:10:15 ec2: 256 SHA256:6DoHtRDwM61bJEKw85MZBG1PRmpyxmutOrETIwmiXxY root@ubuntu-bionic (ED25519)
<14>Aug  5 19:10:15 ec2: 2048 SHA256:lWd6dakK5J5p48Lpx6R9aD6pHvHm9lW2LbzTQzVR16Y root@ubuntu-bionic (RSA)
<14>Aug  5 19:10:15 ec2: -----END SSH HOST KEY FINGERPRINTS-----
<14>Aug  5 19:10:15 ec2: #############################################################
-----BEGIN SSH HOST KEY KEYS-----
ecdsa-sha2-nistp256 AAAAE2VjZHNhLXNoYTItbmlzdHAyNTYAAAAIbmlzdHAyNTYAAABBBAfBGWNPt/envA9bzaYAVybpmzd5ZAMBVSisbsI+89SVqXt8CvWcCf4YdIK77cLRGwFhv86oN3Z1sbfuu6dK1vI= root@ubuntu-bionic
ssh-ed25519 AAAAC3NzaC1lZDI1NTE5AAAAIOJFp02KQiIM6Sf/7J87j+VrQqZ5q8JYT6aAo1qsOLjv root@ubuntu-bionic
ssh-rsa AAAAB3NzaC1yc2EAAAADAQABAAABAQCwanaHyI6ecTvPF6U+Vo0mw3pYPXnv21uAVcc0TPefk47zuWuEwTyPz2obBpwh0AO6fJwRiF52vrcHwwJrPQzHraGsMaSYV1oVHPNOXbF19MHbaIfusJF5DSM/jVuVJHReTZnSIzKLUJIJmdC6QRZW0/Z0WcCBzyaAXU5uZO2ViAHKvzh7G7830OI5ahA+l2GQkTlCHCP8yla81zkd8gjZ9NB/U/mnxbPKA+vgTsgAmVarF8JZ8U90S2HIp7FVYNM1Q+/cs48iUNfT9OSvOMU6q+9KaE6/EbJ2f0BfKINVuIkkLoau4LKOrB/19ionUHcFsKNJLG+hAo4p/idu13c9 root@ubuntu-bionic
-----END SSH HOST KEY KEYS-----
[   16.151603] cloud-init[1302]: Cloud-init v. 19.1-1-gbaa47854-0ubuntu1~18.04.1 running 'modules:final' at Mon, 05 Aug 2019 19:10:14 +0000. Up 15.94 seconds.
[   16.153614] cloud-init[1302]: ci-info: no authorized ssh keys fingerprints found for user ubuntu.
[   16.154915] cloud-init[1302]: Cloud-init v. 19.1-1-gbaa47854-0ubuntu1~18.04.1 finished at Mon, 05 Aug 2019 19:10:15 +0000. Datasource DataSourceNoCloud [seed=/dev/sdb][dsmode=net].  Up 16.14 seconds
[[0;32m  OK  [0m] Started Execute cloud user/final scripts.
[[0;32m  OK  [0m] Reached target Cloud-init target.

Ubuntu 18.04.2 LTS ubuntu-bionic ttyS0

ubuntu-bionic login: 